[36mvite v7.3.1 [32mbuilding client environment for production...[36m[39m
transforming...
[32m✓[39m 387 modules transformed.
rendering chunks...
computing gzip size...
[2mdist/[22m[32mindex.html                                      [39m[1m[2m  7.07 kB[22m[1m[22m[2m │ gzip:   2.12 kB[22m
[2mdist/[22m[32massets/png/logo-Cg8ZAZ5V.png                    [39m[1m[2m573.90 kB[22m[1m[22m
[2mdist/[22m[35massets/css/SkeletonLoader-DesQkqvb.css          [39m[1m[2m  0.62 kB[22m[1m[22m[2m │ gzip:   0.32 kB[22m
[2mdist/[22m[35massets/css/NotFoundView-DcxJkTBR.css            [39m[1m[2m  0.62 kB[22m[1m[22m[2m │ gzip:   0.29 kB[22m
[2mdist/[22m[35massets/css/HomeView-D9PWQNUu.css                [39m[1m[2m  0.83 kB[22m[1m[22m[2m │ gzip:   0.31 kB[22m
[2mdist/[22m[35massets/css/LoginView-DJWhLkvG.css               [39m[1m[2m  1.13 kB[22m[1m[22m[2m │ gzip:   0.49 kB[22m
[2mdist/[22m[35massets/css/ContentManagement-BEoAN7ig.css       [39m[1m[2m  1.19 kB[22m[1m[22m[2m │ gzip:   0.45 kB[22m
[2mdist/[22m[35massets/css/GradingView-KriTYjWM.css             [39m[1m[2m  2.92 kB[22m[1m[22m[2m │ gzip:   0.87 kB[22m
[2mdist/[22m[35massets/css/TeacherManagement-CfGIOuct.css       [39m[1m[2m  3.58 kB[22m[1m[22m[2m │ gzip:   0.99 kB[22m
[2mdist/[22m[35massets/css/DashboardHome-CoMuq3Co.css           [39m[1m[2m  3.68 kB[22m[1m[22m[2m │ gzip:   0.92 kB[22m
[2mdist/[22m[35massets/css/AdminGradingView-DdymECLn.css        [39m[1m[2m  4.89 kB[22m[1m[22m[2m │ gzip:   1.24 kB[22m
[2mdist/[22m[35massets/css/AdminGradingPeriodView-Da4RCiHL.css  [39m[1m[2m  5.38 kB[22m[1m[22m[2m │ gzip:   1.29 kB[22m
[2mdist/[22m[35massets/css/UserManagement-CwS73VoH.css          [39m[1m[2m  9.29 kB[22m[1m[22m[2m │ gzip:   2.03 kB[22m
[2mdist/[22m[35massets/css/DashboardLayout-Du-laGn9.css         [39m[1m[2m 10.22 kB[22m[1m[22m[2m │ gzip:   2.12 kB[22m
[2mdist/[22m[35massets/css/GradingPeriodView-DPzed9T5.css       [39m[1m[2m 10.24 kB[22m[1m[22m[2m │ gzip:   2.15 kB[22m
[2mdist/[22m[35massets/css/AttendanceView-ClrvIaYK.css          [39m[1m[2m 16.58 kB[22m[1m[22m[2m │ gzip:   3.03 kB[22m
[2mdist/[22m[35massets/css/AdminAttendanceView-B4J5sddg.css     [39m[1m[2m 25.21 kB[22m[1m[22m[2m │ gzip:   4.34 kB[22m
[2mdist/[22m[35massets/css/index-DvmrJBbD.css                   [39m[1m[2m 55.01 kB[22m[1m[22m[2m │ gzip:  10.14 kB[22m
[2mdist/[22m[36massets/js/api-DM2QNG34.js                       [39m[1m[2m  0.80 kB[22m[1m[22m[2m │ gzip:   0.49 kB[22m
[2mdist/[22m[36massets/js/holidayService-fsTV9Mc0.js            [39m[1m[2m  0.94 kB[22m[1m[22m[2m │ gzip:   0.53 kB[22m
[2mdist/[22m[36massets/js/NotFoundView-D-pXVV8v.js              [39m[1m[2m  1.27 kB[22m[1m[22m[2m │ gzip:   0.72 kB[22m
[2mdist/[22m[36massets/js/SkeletonLoader-DVFm84Jk.js            [39m[1m[2m  1.62 kB[22m[1m[22m[2m │ gzip:   0.64 kB[22m
[2mdist/[22m[36massets/js/GradingView-CcyUiRlF.js               [39m[1m[2m  2.62 kB[22m[1m[22m[2m │ gzip:   1.26 kB[22m
[2mdist/[22m[36massets/js/auth--3xynEN2.js                      [39m[1m[2m  3.46 kB[22m[1m[22m[2m │ gzip:   1.36 kB[22m
[2mdist/[22m[36massets/js/AdminGradingPeriodView-DZgjsVuQ.js    [39m[1m[2m  4.76 kB[22m[1m[22m[2m │ gzip:   2.08 kB[22m
[2mdist/[22m[36massets/js/TeacherManagement-CtJA9xP3.js         [39m[1m[2m  4.83 kB[22m[1m[22m[2m │ gzip:   1.97 kB[22m
[2mdist/[22m[36massets/js/ContentManagement-BvhzyuMP.js         [39m[1m[2m  4.83 kB[22m[1m[22m[2m │ gzip:   1.77 kB[22m
[2mdist/[22m[36massets/js/AdminGradingView-Dr0Ogbcw.js          [39m[1m[2m  7.79 kB[22m[1m[22m[2m │ gzip:   2.73 kB[22m
[2mdist/[22m[36massets/js/index-5_6E6SUb.js                     [39m[1m[2m  9.50 kB[22m[1m[22m[2m │ gzip:   3.71 kB[22m
[2mdist/[22m[36massets/js/DashboardLayout-MKlcwdfs.js           [39m[1m[2m  9.57 kB[22m[1m[22m[2m │ gzip:   2.52 kB[22m
[2mdist/[22m[36massets/js/LoginView-BMqKyFW1.js                 [39m[1m[2m 11.27 kB[22m[1m[22m[2m │ gzip:   3.74 kB[22m
[2mdist/[22m[36massets/js/UserManagement-D0sTctvi.js            [39m[1m[2m 12.73 kB[22m[1m[22m[2m │ gzip:   3.98 kB[22m
[2mdist/[22m[36massets/js/GradingPeriodView-D2C7BnmO.js         [39m[1m[2m 13.57 kB[22m[1m[22m[2m │ gzip:   4.74 kB[22m
[2mdist/[22m[36massets/js/DashboardHome-BdEZywyW.js             [39m[1m[2m 14.23 kB[22m[1m[22m[2m │ gzip:   3.95 kB[22m
[2mdist/[22m[36massets/js/AttendanceView-DPU8rHbD.js            [39m[1m[2m 14.88 kB[22m[1m[22m[2m │ gzip:   4.90 kB[22m
[2mdist/[22m[36massets/js/purify.es-Bzr520pe.js                 [39m[1m[2m 22.45 kB[22m[1m[22m[2m │ gzip:   8.63 kB[22m
[2mdist/[22m[36massets/js/AdminAttendanceView-UEiRZ4iD.js       [39m[1m[2m 28.10 kB[22m[1m[22m[2m │ gzip:   9.00 kB[22m
[2mdist/[22m[36massets/js/vendor-axios-B9ygI19o.js              [39m[1m[2m 36.28 kB[22m[1m[22m[2m │ gzip:  14.69 kB[22m
[2mdist/[22m[36massets/js/HomeView-CJ9tAZDi.js                  [39m[1m[2m 44.16 kB[22m[1m[22m[2m │ gzip:  11.93 kB[22m
[2mdist/[22m[36massets/js/vendor-firebase-Bjv_mREi.js           [39m[1m[2m100.97 kB[22m[1m[22m[2m │ gzip:  30.99 kB[22m
[2mdist/[22m[36massets/js/vendor-vue-DozhMWAa.js                [39m[1m[2m105.97 kB[22m[1m[22m[2m │ gzip:  41.20 kB[22m
[2mdist/[22m[36massets/js/index.es-0t6HjWvD.js                  [39m[1m[2m158.85 kB[22m[1m[22m[2m │ gzip:  53.04 kB[22m
[2mdist/[22m[36massets/js/html2canvas.esm-DXEQVQnt.js           [39m[1m[2m201.04 kB[22m[1m[22m[2m │ gzip:  47.43 kB[22m
[2mdist/[22m[36massets/js/jspdf.plugin.autotable-B6Um1OPJ.js    [39m[1m[2m415.61 kB[22m[1m[22m[2m │ gzip: 135.11 kB[22m
[32m✓ built in 5.51s[39m
